// Jest Snapshot v1, https://goo.gl/fbAQLP

exports[`App renders Header and MainContent when db loaded 1`] = `
<div
  className="sc-bdVaJa guSgyn"
>
  <div>
    Header
  </div>
  <div>
    MainContent
  </div>
</div>
`;

exports[`App renders Splash when db not loaded 1`] = `
<div>
  Splash
</div>
`;
