// Jest Snapshot v1, https://goo.gl/fbAQLP

exports[`Splash renders Logo 1`] = `
<div
  className="sc-bxivhb gEYcsg sc-bdVaJa jJjJOT"
>
  <span
    className="sc-bwzfXH dTlhFj"
  >
    Movie
  </span>
  <i
    className="fa fa-anchor sc-htpNat eorCwZ fa-lg"
  />
  <span
    className="sc-bwzfXH dTlhFj"
  >
    Night
  </span>
</div>
`;
