// Jest Snapshot v1, https://goo.gl/fbAQLP

exports[`event names have not changed 1`] = `
Object {
  "CRAWL_COMPLETE": "crawl-complete",
  "CRAWL_DIRECTORY": "crawl-directory",
  "CRAWL_START": "crawl-start",
  "DELETE_MOVIE_DATABASE": "delete-movie-database",
  "LOAD_MOVIE_DATABASE": "load-movie-database",
  "LOG_MESSAGE": "log-message",
  "MOVE_MOVIE_TO_TRASH": "move-movie-to-trash",
  "MOVIE_DATABASE": "movie-database",
  "SEARCHING_DIRECTORY": "searching-directory",
  "SELECT_IMPORT_DIRECTORY": "select-import-directory",
  "UPDATE_MOVIE_METADATA": "update-movie-metadata",
}
`;
